MPLINK 4.35, Linker
Linker Map File - Created Thu May 08 16:51:13 2014

                                 Section Info
                  Section       Type    Address   Location Size(Bytes)
                ---------  ---------  ---------  ---------  ---------
                   .org_0       code   0x000000    program   0x000082
                   .cinit    romdata   0x000041    program   0x000004
      .config_2007_3P07.O       code   0x002007    program   0x000002



                              Program Memory Usage 
                               Start         End      
                           ---------   ---------      
                            0x000000    0x000042      
                            0x002007    0x002007      
            68 out of 1093 program addresses used, program memory utilization is 6%



                              Symbols - Sorted by Name
                     Name    Address   Location    Storage File                     
                ---------  ---------  ---------  --------- ---------                
                   CICLO1   0x000018    program     static C:\Users\PraxedisAugusto\Documents\Ensamblador\Práctica 07\3P07.asm
                     CONF   0x000000    program     static C:\Users\PraxedisAugusto\Documents\Ensamblador\Práctica 07\3P07.asm
                      FIN   0x000037    program     static C:\Users\PraxedisAugusto\Documents\Ensamblador\Práctica 07\3P07.asm
                   IN4BUT   0x00001d    program     static C:\Users\PraxedisAugusto\Documents\Ensamblador\Práctica 07\3P07.asm
                      NUM   0x000039    program     static C:\Users\PraxedisAugusto\Documents\Ensamblador\Práctica 07\3P07.asm
                       P5   0x000025    program     static C:\Users\PraxedisAugusto\Documents\Ensamblador\Práctica 07\3P07.asm
                       P6   0x00002b    program     static C:\Users\PraxedisAugusto\Documents\Ensamblador\Práctica 07\3P07.asm
                       P7   0x000031    program     static C:\Users\PraxedisAugusto\Documents\Ensamblador\Práctica 07\3P07.asm
                     ROWS   0x00003c    program     static C:\Users\PraxedisAugusto\Documents\Ensamblador\Práctica 07\3P07.asm
                     RROW   0x000020    program     static C:\Users\PraxedisAugusto\Documents\Ensamblador\Práctica 07\3P07.asm
                    START   0x000006    program     static C:\Users\PraxedisAugusto\Documents\Ensamblador\Práctica 07\3P07.asm
             _.org_0_0023   0x000023    program     static C:\Users\PraxedisAugusto\Documents\Ensamblador\Práctica 07\3P07.asm
             _.org_0_0029   0x000029    program     static C:\Users\PraxedisAugusto\Documents\Ensamblador\Práctica 07\3P07.asm
             _.org_0_002F   0x00002f    program     static C:\Users\PraxedisAugusto\Documents\Ensamblador\Práctica 07\3P07.asm
             _.org_0_0035   0x000035    program     static C:\Users\PraxedisAugusto\Documents\Ensamblador\Práctica 07\3P07.asm



                              Symbols - Sorted by Address
                     Name    Address   Location    Storage File                     
                ---------  ---------  ---------  --------- ---------                
                     CONF   0x000000    program     static C:\Users\PraxedisAugusto\Documents\Ensamblador\Práctica 07\3P07.asm
                    START   0x000006    program     static C:\Users\PraxedisAugusto\Documents\Ensamblador\Práctica 07\3P07.asm
                   CICLO1   0x000018    program     static C:\Users\PraxedisAugusto\Documents\Ensamblador\Práctica 07\3P07.asm
                   IN4BUT   0x00001d    program     static C:\Users\PraxedisAugusto\Documents\Ensamblador\Práctica 07\3P07.asm
                     RROW   0x000020    program     static C:\Users\PraxedisAugusto\Documents\Ensamblador\Práctica 07\3P07.asm
             _.org_0_0023   0x000023    program     static C:\Users\PraxedisAugusto\Documents\Ensamblador\Práctica 07\3P07.asm
                       P5   0x000025    program     static C:\Users\PraxedisAugusto\Documents\Ensamblador\Práctica 07\3P07.asm
             _.org_0_0029   0x000029    program     static C:\Users\PraxedisAugusto\Documents\Ensamblador\Práctica 07\3P07.asm
                       P6   0x00002b    program     static C:\Users\PraxedisAugusto\Documents\Ensamblador\Práctica 07\3P07.asm
             _.org_0_002F   0x00002f    program     static C:\Users\PraxedisAugusto\Documents\Ensamblador\Práctica 07\3P07.asm
                       P7   0x000031    program     static C:\Users\PraxedisAugusto\Documents\Ensamblador\Práctica 07\3P07.asm
             _.org_0_0035   0x000035    program     static C:\Users\PraxedisAugusto\Documents\Ensamblador\Práctica 07\3P07.asm
                      FIN   0x000037    program     static C:\Users\PraxedisAugusto\Documents\Ensamblador\Práctica 07\3P07.asm
                      NUM   0x000039    program     static C:\Users\PraxedisAugusto\Documents\Ensamblador\Práctica 07\3P07.asm
                     ROWS   0x00003c    program     static C:\Users\PraxedisAugusto\Documents\Ensamblador\Práctica 07\3P07.asm


